Job 1379293 started at Sun Apr  5 14:21:16 CEST 2026
Node: node872
CUDA: True | NVIDIA A100 80GB PCIe
======================================================================
  CIFAR-10 SCALING LAW ANALYSIS  (WANDA pruning)
======================================================================
  CIFAR-10 loaded via torchvision
  PCA: 3072 -> 200  (94.5% variance retained)
  Train: 45000  Val: 5000  Test: 1500

  Grid: H in [64, 128, 256, 512]  x  L in [2, 3, 5, 7, 10]  = 20 configs

  [1/20] H=64, L=2  val=43.8%  K0=70.7 beta=0.104 g=0.902 R2=0.989  [483s]

  [2/20] H=64, L=3  val=41.6%  K0=72.6 beta=0.107 g=0.899 R2=0.979  [1061s]

  [3/20] H=64, L=5  val=40.4%  K0=68.0 beta=0.267 g=0.766 R2=0.944  [775s]

  [4/20] H=64, L=7  val=40.4%  K0=64.9 beta=0.927 g=0.396 R2=0.961  [1038s]

  [5/20] H=64, L=10  val=41.3%  K0=64.7 beta=1.247 g=0.288 R2=0.965  [1466s]

  [6/20] H=128, L=2  val=43.6%  K0=141.5 beta=0.046 g=0.955 R2=0.991  [781s]

  [7/20] H=128, L=3  val=43.1%  K0=138.7 beta=0.064 g=0.938 R2=0.986  [1054s]

  [8/20] H=128, L=5  val=44.0%  K0=132.9 beta=0.167 g=0.846 R2=0.940  [1268s]

  [9/20] H=128, L=7  val=45.1%  K0=123.8 beta=0.541 g=0.582 R2=0.992  [1748s]

  [10/20] H=128, L=10  val=45.7%  K0=126.3 beta=1.079 g=0.340 R2=0.994  [2276s]

  [11/20] H=256, L=2  val=48.0%  K0=275.3 beta=0.015 g=0.985 R2=0.991  [1135s]

  [12/20] H=256, L=3  val=49.1%  K0=268.8 beta=0.021 g=0.980 R2=0.996  [1709s]

  [13/20] H=256, L=5  val=47.9%  K0=264.6 beta=0.100 g=0.905 R2=0.965  [2796s]

  [14/20] H=256, L=7  val=48.8%  K0=252.4 beta=0.392 g=0.676 R2=0.978  [3922s]

  [15/20] H=256, L=10  val=49.7%  K0=265.8 beta=0.093 g=0.911 R2=0.894  [5448s]

  [16/20] H=512, L=2  val=52.0%  K0=349.7 beta=0.010 g=0.990 R2=0.997  [3257s]

  [17/20] H=512, L=3  val=53.1%  K0=383.9 beta=0.009 g=0.991 R2=0.997  [4819s]

  [18/20] H=512, L=5  val=48.4%  K0=365.1 beta=0.010 g=0.990 R2=0.992  [8581s]

  [19/20] H=512, L=7  val=49.9%  K0=503.5 beta=1.947 g=0.143 R2=0.939  [12620s]

  [20/20] H=512, L=10  val=51.7%  K0=424.8 beta=0.049 g=0.952 R2=0.989  [18507s]

====================================================================================================
  CIFAR-10 / WANDA  --  Sigmoid fit results
====================================================================================================
     H    L    Params   ValAcc   A_inf     A_0     K_0     beta    g_eff      R2   K0/H
----------------------------------------------------------------------------------------------------
    64    2    17,674    43.8%  100.0%   10.8%    70.7   0.1037   0.9015   0.989   1.11
   128    2    43,530    43.6%  100.0%    8.4%   141.5   0.0458   0.9553   0.991   1.11
   256    2   119,818    48.0%  100.0%    8.6%   275.3   0.0148   0.9853   0.991   1.08
   512    2   370,698    52.0%   58.4%    9.2%   349.7   0.0097   0.9904   0.997   0.68
    64    3    21,834    41.6%  100.0%    9.6%    72.6   0.1066   0.8989   0.979   1.13
   128    3    60,042    43.1%  100.0%   10.1%   138.7   0.0641   0.9379   0.986   1.08
   256    3   185,610    49.1%  100.0%    8.5%   268.8   0.0205   0.9797   0.996   1.05
   512    3   633,354    53.1%   62.7%    6.0%   383.9   0.0091   0.9910   0.997   0.75
    64    5    30,154    40.4%  100.0%   11.4%    68.0   0.2671   0.7656   0.944   1.06
   128    5    93,066    44.0%  100.0%   14.7%   132.9   0.1670   0.8462   0.940   1.04
   256    5   317,194    47.9%  100.0%   22.1%   264.6   0.1001   0.9047   0.965   1.03
   512    5  1,158,666    48.4%   50.7%   21.8%   365.1   0.0100   0.9901   0.992   0.71
    64    7    38,474    40.4%  100.0%   13.3%    64.9   0.9273   0.3956   0.961   1.01
   128    7   126,090    45.1%   44.8%   20.9%   123.8   0.5414   0.5819   0.992   0.97
   256    7   448,778    48.8%   51.7%   21.0%   252.4   0.3916   0.6760   0.978   0.99
   512    7  1,683,978    49.9%   47.0%   20.8%   503.5   1.9468   0.1427   0.939   0.98
    64   10    50,954    41.3%  100.0%   15.2%    64.7   1.2465   0.2875   0.965   1.01
   128   10   175,626    45.7%   49.3%   12.8%   126.3   1.0795   0.3398   0.994   0.99
   256   10   646,154    49.7%  100.0%   11.1%   265.8   0.0930   0.9112   0.894   1.04
   512   10  2,471,946    51.7%   50.1%   15.0%   424.8   0.0493   0.9519   0.989   0.83
====================================================================================================

======================================================================
  SCALING LAW ANALYSIS  (20 configs with R2 > 0.8)
======================================================================

  K_0 = 2.7471 * H^0.782 * L^0.089
       +/- (0.904, 0.054, 0.049)
       R2 = 0.9462

  beta = 0.3005 * H^-0.458 * L^1.437
       +/- (0.654, 0.323, 0.727)
       R2 = 0.2770

  g_eff = 0.7759 * H^0.097 * L^-0.347
       +/- (0.351, 0.080, 0.110)
       R2 = 0.3613

  K_0/H: mean = 0.982 +/- 0.129

  Fixed-L slices (K_0 vs H):
    L=2: K_0 = 6.542 * H^0.645  R2=0.944
    L=3: K_0 = 4.589 * H^0.714  R2=0.978
    L=5: K_0 = 4.653 * H^0.705  R2=0.968
    L=7: K_0 = 0.984 * H^1.000  R2=1.000
    L=10: K_0 = 2.415 * H^0.832  R2=0.989

  Fixed-H slices (K_0 vs L):
    H=64: K_0 = 75.959 * L^-0.071  R2=0.800
    H=128: K_0 = 150.615 * L^-0.084  R2=0.891
    H=256: K_0 = 279.588 * L^-0.034  R2=0.487
    H=512: K_0 = 315.972 * L^0.160  R2=0.461
======================================================================

  Generating visualisations ...
  Saved: cifar_figures/cifar_scaling_curves.png
  Saved: cifar_figures/cifar_scaling_laws.png
  Saved: cifar_figures/cifar_parameter_heatmaps.png

  Total runtime: 74788s
  Done!
Job completed at Mon Apr  6 11:08:49 CEST 2026
