Job 1378918 started at Sun Apr  5 01:40:28 CEST 2026
Node: node872
CUDA: True | NVIDIA A100 80GB PCIe
======================================================================
  CIFAR-10 SCALING LAW ANALYSIS  (WANDA pruning)
======================================================================
  CIFAR-10 loaded via torchvision
  PCA: 3072 -> 200  (94.5% variance retained)
  Train: 45000  Val: 5000  Test: 1500

  Grid: H in [64, 128, 256, 512]  x  L in [2, 3, 5, 7, 10]  = 20 configs

  [1/20] H=64, L=2  val=43.8%  K0=70.7 beta=0.104 g=0.902 R2=0.989  [829s]

  [2/20] H=64, L=3  val=41.6%  K0=72.6 beta=0.107 g=0.899 R2=0.979  [1155s]

  [3/20] H=64, L=5  val=40.4%  K0=68.0 beta=0.267 g=0.766 R2=0.944  [1477s]

  [4/20] H=64, L=7  val=40.4%  K0=64.9 beta=0.927 g=0.396 R2=0.961  [1824s]

  [5/20] H=64, L=10  val=41.3%  K0=64.7 beta=1.247 g=0.288 R2=0.965  [2318s]

  [6/20] H=128, L=2  val=43.6%  K0=141.5 beta=0.046 g=0.955 R2=0.991  [838s]

  [7/20] H=128, L=3  val=43.1%  K0=138.7 beta=0.064 g=0.938 R2=0.986  [1120s]

  [8/20] H=128, L=5  val=44.0%  K0=132.9 beta=0.167 g=0.846 R2=0.940  [1406s]

  [9/20] H=128, L=7  val=45.1%  K0=123.8 beta=0.541 g=0.582 R2=0.992  [2347s]

  [10/20] H=128, L=10  val=45.7%  K0=126.3 beta=1.079 g=0.340 R2=0.994  [2750s]

  [11/20] H=256, L=2  val=48.0%  K0=275.3 beta=0.015 g=0.985 R2=0.991  [1199s]

  [12/20] H=256, L=3  val=49.1%  K0=268.8 beta=0.021 g=0.980 R2=0.996  [1856s]

  [13/20] H=256, L=5  val=47.9%  K0=264.6 beta=0.100 g=0.905 R2=0.965  [2772s]

  [14/20] H=256, L=7  val=48.8%  K0=252.4 beta=0.392 g=0.676 R2=0.978  [3892s]

  [15/20] H=256, L=10