Job 1379292 started at Sun Apr  5 12:51:17 CEST 2026
Node: node031
======================================================================
  SCALING LAW ANALYSIS FOR NEURAL NETWORK EFFECTIVE COUPLING
======================================================================
  Data: Train=1257, Val=270, Test=270

  Starting architecture scan...

  [1/64] H=8, L=1  val=93.3%  K0=1.6 beta=1.600 g=0.202 R2=0.999  [32s]

  [2/64] H=8, L=2  val=94.8%  K0=1.0 beta=1.614 g=0.199 R2=0.999  [5s]

  [3/64] H=8, L=3  val=91.9%  K0=1.8 beta=1.341 g=0.261 R2=0.996  [6s]

  [4/64] H=8, L=4  val=89.3%  K0=1.8 beta=0.761 g=0.467 R2=0.995  [7s]

  [5/64] H=8, L=5  val=88.9%  K0=2.0 beta=0.939 g=0.391 R2=0.976  [8s]

  [6/64] H=8, L=7  val=85.2%  K0=3.1 beta=2.153 g=0.116 R2=0.998  [10s]

  [7/64] H=8, L=8  val=84.8%  K0=3.1 beta=2.094 g=0.123 R2=0.947  [11s]

  [8/64] H=8, L=10  val=84.4%  K0=2.6 beta=0.815 g=0.442 R2=0.884  [13s]

  [9/64] H=16, L=1  val=95.9%  K0=0.1 beta=0.658 g=0.518 R2=0.998  [4s]

  [10/64] H=16, L=2  val=95.6%  K0=1.1 beta=1.317 g=0.268 R2=0.998  [6s]

  [11/64] H=16, L=3  val=94.8%  K0=1.4 beta=1.149 g=0.317 R2=0.972  [7s]

  [12/64] H=16, L=4  val=92.2%  K0=1.7 beta=0.825 g=0.438 R2=0.982  [8s]

  [13/64] H=16, L=5  val=93.3%  K0=2.5 beta=0.862 g=0.422 R2=0.993  [9s]

  [14/64] H=16, L=7  val=90.7%  K0=2.5 beta=0.684 g=0.505 R2=0.979  [11s]

  [15/64] H=16, L=8  val=91.5%  K0=3.6 beta=0.598 g=0.550 R2=0.991  [12s]

  [16/64] H=16, L=10  val=88.5%  K0=3.7 beta=0.700 g=0.496 R2=0.994  [14s]

  [17/64] H=24, L=1  val=95.9%  K0=0.0 beta=0.738 g=0.478 R2=0.987  [5s]

  [18/64] H=24, L=2  val=95.9%  K0=0.9 beta=0.893 g=0.410 R2=0.993  [6s]

  [19/64] H=24, L=3  val=96.3%  K0=1.9 beta=0.715 g=0.489 R2=0.996  [7s]

  [20/64] H=24, L=4  val=94.8%  K0=2.6 beta=0.660 g=0.517 R2=0.989  [8s]

  [21/64] H=24, L=5  val=94.8%  K0=3.7 beta=0.495 g=0.610 R2=0.993  [9s]

  [22/64] H=24, L=7  val=92.2%  K0=4.6 beta=0.477 g=0.620 R2=0.994  [12s]

  [23/64] H=24, L=8  val=92.2%  K0=6.3 beta=0.646 g=0.524 R2=0.988  [13s]

  [24/64] H=24, L=10  val=92.2%  K0=5.7 beta=0.444 g=0.642 R2=0.997  [15s]

  [25/64] H=32, L=1  val=96.7%  K0=0.0 beta=0.795 g=0.452 R2=0.985  [3s]

  [26/64] H=32, L=2  val=96.7%  K0=2.0 beta=0.624 g=0.536 R2=0.998  [4s]

  [27/64] H=32, L=3  val=95.9%  K0=1.8 beta=0.465 g=0.628 R2=0.985  [5s]

  [28/64] H=32, L=4  val=95.6%  K0=3.2 beta=0.568 g=0.567 R2=0.987  [6s]

  [29/64] H=32, L=5  val=94.4%  K0=3.6 beta=0.449 g=0.638 R2=0.993  [7s]

  [30/64] H=32, L=7  val=91.9%  K0=4.2 beta=0.457 g=0.633 R2=0.987  [9s]

  [31/64] H=32, L=8  val=91.5%  K0=5.5 beta=0.402 g=0.669 R2=0.998  [10s]

  [32/64] H=32, L=10  val=89.3%  K0=6.7 beta=0.391 g=0.676 R2=0.995  [12s]

  [33/64] H=48, L=1  val=96.3%  K0=1.3 beta=0.570 g=0.566 R2=0.990  [3s]

  [34/64] H=48, L=2  val=97.0%  K0=1.5 beta=0.697 g=0.498 R2=0.979  [5s]

  [35/64] H=48, L=3  val=95.2%  K0=2.6 beta=0.495 g=0.610 R2=0.982  [6s]

  [36/64] H=48, L=4  val=94.4%  K0=3.7 beta=0.377 g=0.686 R2=0.992  [8s]

  [37/64] H=48, L=5  val=95.2%  K0=4.6 beta=0.406 g=0.666 R2=0.991  [9s]

  [38/64] H=48, L=7  val=91.9%  K0=6.9 beta=0.289 g=0.749 R2=0.996  [12s]

  [39/64] H=48, L=8  val=93.0%  K0=7.0 beta=0.306 g=0.736 R2=0.994  [13s]

  [40/64] H=48, L=10  val=92.6%  K0=8.6 beta=0.330 g=0.719 R2=0.997  [16s]

  [41/64] H=56, L=1  val=97.8%  K0=0.3 beta=0.664 g=0.515 R2=0.987  [4s]

  [42/64] H=56, L=2  val=97.4%  K0=1.4 beta=0.503 g=0.605 R2=0.938  [5s]

  [43/64] H=56, L=3  val=96.7%  K0=3.3 beta=0.394 g=0.674 R2=0.987  [7s]

  [44/64] H=56, L=4  val=95.6%  K0=5.0 beta=0.314 g=0.731 R2=0.994  [9s]

  [45/64] H=56, L=5  val=95.9%  K0=6.2 beta=0.313 g=0.731 R2=0.994  [10s]

  [46/64] H=56, L=7  val=94.4%  K0=8.1 beta=0.273 g=0.761 R2=0.993  [14s]

  [47/64] H=56, L=8  val=93.7%  K0=8.0 beta=0.263 g=0.769 R2=0.995  [15s]

  [48/64] H=56, L=10  val=90.4%  K0=9.4 beta=0.280 g=0.755 R2=0.996  [18s]

  [49/64] H=64, L=1  val=98.1%  K0=0.2 beta=0.549 g=0.577 R2=0.989  [4s]

  [50/64] H=64, L=2  val=97.4%  K0=2.0 beta=0.542 g=0.582 R2=0.980  [6s]

  [51/64] H=64, L=3  val=96.3%  K0=3.6 beta=0.328 g=0.720 R2=0.985  [8s]

  [52/64] H=64, L=4  val=95.2%  K0=5.0 beta=0.393 g=0.675 R2=0.989  [10s]

  [53/64] H=64, L=5  val=94.8%  K0=6.5 beta=0.322 g=0.725 R2=0.998  [12s]

  [54/64] H=64, L=7  val=93.0%  K0=8.1 beta=0.264 g=0.768 R2=0.996  [15s]

  [55/64] H=64, L=8  val=94.4%  K0=10.2 beta=0.317 g=0.728 R2=0.996  [17s]

  [56/64] H=64, L=10  val=92.6%  K0=9.7 beta=0.297 g=0.743 R2=0.998  [21s]

  [57/64] H=96, L=1  val=97.4%  K0=0.0 beta=0.394 g=0.675 R2=0.957  [5s]

  [58/64] H=96, L=2  val=98.1%  K0=2.1 beta=0.417 g=0.659 R2=0.971  [9s]

  [59/64] H=96, L=3  val=97.4%  K0=3.9 beta=0.306 g=0.737 R2=0.987  [13s]

  [60/64] H=96, L=4  val=95.6%  K0=6.4 beta=0.245 g=0.783 R2=0.987  [16s]

  [61/64] H=96, L=5  val=95.2%  K0=8.6 beta=0.232 g=0.793 R2=0.994  [20s]

  [62/64] H=96, L=7  val=95.9%  K0=9.8 beta=0.229 g=0.795 R2=0.995  [27s]

  [63/64] H=96, L=8  val=94.8%  K0=10.5 beta=0.209 g=0.811 R2=0.991  [30s]

  [64/64] H=96, L=10  val=95.2%  K0=12.7 beta=0.235 g=0.791 R2=0.997  [38s]

======================================================================
  SCALING LAW ANALYSIS (64 good fits, R2 > 0.80)
======================================================================

  K_0 = 0.112 * H^0.588 * L^0.915
       +/- (0.017, 0.032, 0.043)
       R2 = 0.9485

  beta = 6.611 * H^-0.663 * L^-0.137
       +/- (1.097, 0.055, 0.052)
       R2 = 0.7190

  g_eff = 0.144 * H^0.333 * L^0.136
       +/- (0.015, 0.025, 0.023)
       R2 = 0.8055

  K_0/H ratio statistics:
    mean = 0.123 +/- 0.088
    range = [0.000, 0.389]

  Fixed-L slices (K_0 vs H):
    L=1: K_0 = 7498.248 * H^-4.058  R2=0.272
    L=2: K_0 = 0.471 * H^0.321  R2=0.521
    L=3: K_0 = 0.403 * H^0.504  R2=0.833
    L=4: K_0 = 0.354 * H^0.635  R2=0.956
    L=5: K_0 = 0.394 * H^0.671  R2=0.968
    L=7: K_0 = 0.644 * H^0.603  R2=0.916
    L=8: K_0 = 0.991 * H^0.526  R2=0.898
    L=10: K_0 = 0.755 * H^0.620  R2=0.991

  Fixed-H slices (K_0 vs L):
    H=8: K_0 = 1.138 * L^0.417  R2=0.625
    H=16: K_0 = 0.525 * L^0.873  R2=0.930
    H=24: K_0 = 0.669 * L^0.992  R2=0.910
    H=32: K_0 = 0.749 * L^0.948  R2=0.947
    H=48: K_0 = 1.003 * L^0.943  R2=0.983
    H=56: K_0 = 1.271 * L^0.900  R2=0.940
    H=64: K_0 = 1.362 * L^0.906  R2=0.930
    H=96: K_0 = 1.557 * L^0.931  R2=0.940
======================================================================

====================================================================================================
     H    L    Params   ValAcc   A_inf     A_0     K_0     beta    g_eff      R2   K0/H
----------------------------------------------------------------------------------------------------
     8    1       610    93.3%   93.3%   73.6%     1.6   1.5999   0.2019   0.999   0.20
    16    1     1,210    95.9%   97.4%   30.9%     0.1   0.6584   0.5177   0.998   0.00
    24    1     1,810    95.9%   97.9%   27.4%     0.0   0.7383   0.4779   0.987   0.00
    32    1     2,410    96.7%   97.5%   12.2%     0.0   0.7945   0.4518   0.985   0.00
    48    1     3,610    96.3%   99.0%   46.9%     1.3   0.5696   0.5657   0.990   0.03
    56    1     4,210    97.8%   97.6%   -5.0%     0.3   0.6637   0.5149   0.987   0.01
    64    1     4,810    98.1%   97.7%   -5.0%     0.2   0.5495   0.5772   0.989   0.00
    96    1     7,210    97.4%   98.2%   28.0%     0.0   0.3937   0.6746   0.957   0.00
     8    2       682    94.8%   92.3%   -5.0%     1.0   1.6136   0.1992   0.999   0.13
    16    2     1,482    95.6%   94.9%   -5.0%     1.1   1.3167   0.2680   0.998   0.07
    24    2     2,410    95.9%   97.7%   -5.0%     0.9   0.8926   0.4096   0.993   0.04
    32    2     3,466    96.7%   97.4%   12.7%     2.0   0.6244   0.5356   0.998   0.06
    48    2     5,962    97.0%   97.7%   -5.0%     1.5   0.6972   0.4980   0.979   0.03
    56    2     7,402    97.4%   97.6%   -5.0%     1.4   0.5032   0.6046   0.938   0.03
    64    2     8,970    97.4%   95.8%   -5.0%     2.0   0.5420   0.5816   0.980   0.03
    96    2    16,522    98.1%   97.5%   -5.0%     2.1   0.4173   0.6588   0.971   0.02
     8    3       754    91.9%   90.2%   -5.0%     1.8   1.3414   0.2615   0.996   0.22
    16    3     1,754    94.8%   93.9%   -5.0%     1.4   1.1489   0.3170   0.972   0.09
    24    3     3,010    96.3%   96.1%    0.7%     1.9   0.7149   0.4892   0.996   0.08
    32    3     4,522    95.9%   96.6%   -5.0%     1.8   0.4648   0.6282   0.985   0.06
    48    3     8,314    95.2%   96.6%   -5.0%     2.6   0.4948   0.6097   0.982   0.05
    56    3    10,594    96.7%   97.4%   -5.0%     3.3   0.3939   0.6744   0.987   0.06
    64    3    13,130    96.3%   96.7%   -5.0%     3.6   0.3282   0.7202   0.985   0.06
    96    3    25,834    97.4%   97.2%   -5.0%     3.9   0.3057   0.7366   0.987   0.04
     8    4       826    89.3%   79.2%   -5.0%     1.8   0.7606   0.4674   0.995   0.23
    16    4     2,026    92.2%   93.4%   -5.0%     1.7   0.8246   0.4384   0.982   0.11
    24    4     3,610    94.8%   95.6%   -5.0%     2.6   0.6598   0.5169   0.989   0.11
    32    4     5,578    95.6%   94.9%   -5.0%     3.2   0.5677   0.5668   0.987   0.10
    48    4    10,666    94.4%   96.4%   -5.0%     3.7   0.3765   0.6862   0.992   0.08
    56    4    13,786    95.6%   95.8%   -5.0%     5.0   0.3139   0.7306   0.994   0.09
    64    4    17,290    95.2%   95.5%   -5.0%     5.0   0.3930   0.6750   0.989   0.08
    96    4    35,146    95.6%   98.1%   -5.0%     6.4   0.2452   0.7825   0.987   0.07
     8    5       898    88.9%   81.5%    5.4%     2.0   0.9393   0.3909   0.976   0.24
    16    5     2,298    93.3%   92.8%   -5.0%     2.5   0.8616   0.4225   0.993   0.16
    24    5     4,210    94.8%   94.1%   -5.0%     3.7   0.4946   0.6098   0.993   0.15
    32    5     6,634    94.4%   94.6%   -5.0%     3.6   0.4490   0.6383   0.993   0.11
    48    5    13,018    95.2%   95.4%   -5.0%     4.6   0.4062   0.6662   0.991   0.10
    56    5    16,978    95.9%   96.2%   -5.0%     6.2   0.3134   0.7309   0.994   0.11
    64    5    21,450    94.8%   97.4%   -5.0%     6.5   0.3221   0.7246   0.998   0.10
    96    5    44,458    95.2%   96.9%   -5.0%     8.6   0.2321   0.7928   0.994   0.09
     8    7     1,042    85.2%   75.2%   11.1%     3.1   2.1528   0.1162   0.998   0.39
    16    7     2,842    90.7%   88.2%   -5.0%     2.5   0.6837   0.5048   0.979   0.16
    24    7     5,410    92.2%   93.3%   -4.8%     4.6   0.4772   0.6205   0.994   0.19
    32    7     8,746    91.9%   92.6%   -5.0%     4.2   0.4572   0.6331   0.987   0.13
    48    7    17,722    91.9%   96.3%   -5.0%     6.9   0.2889   0.7491   0.996   0.14
    56    7    23,362    94.4%   94.2%   -5.0%     8.1   0.2730   0.7611   0.993   0.15
    64    7    29,770    93.0%   96.7%   -5.0%     8.1   0.2644   0.7677   0.996   0.13
    96    7    63,082    95.9%   96.1%   -5.0%     9.8   0.2289   0.7954   0.995   0.10
     8    8     1,114    84.8%   60.6%    8.2%     3.1   2.0938   0.1232   0.947   0.39
    16    8     3,114    91.5%   91.8%   -5.0%     3.6   0.5979   0.5500   0.991   0.23
    24    8     6,010    92.2%   95.5%   18.7%     6.3   0.6461   0.5241   0.988   0.26
    32    8     9,802    91.5%   93.5%   -5.0%     5.5   0.4016   0.6693   0.998   0.17
    48    8    20,074    93.0%   93.8%   -3.1%     7.0   0.3064   0.7361   0.994   0.15
    56    8    26,554    93.7%   94.8%   -5.0%     8.0   0.2632   0.7686   0.995   0.14
    64    8    33,930    94.4%   94.1%    6.5%    10.2   0.3170   0.7283   0.996   0.16
    96    8    72,394    94.8%   96.1%   -5.0%    10.5   0.2095   0.8110   0.991   0.11
     8   10     1,258    84.4%   54.8%   -5.0%     2.6   0.8154   0.4425   0.884   0.32
    16   10     3,658    88.5%   86.6%   -0.4%     3.7   0.7003   0.4964   0.994   0.23
    24   10     7,210    92.2%   89.3%   -2.1%     5.7   0.4436   0.6417   0.997   0.24
    32   10    11,914    89.3%   89.2%   -1.7%     6.7   0.3911   0.6763   0.995   0.21
    48   10    24,778    92.6%   89.8%    1.2%     8.6   0.3301   0.7188   0.997   0.18
    56   10    32,938    90.4%   93.6%   -1.8%     9.4   0.2804   0.7555   0.996   0.17
    64   10    42,250    92.6%   95.3%    0.4%     9.7   0.2967   0.7433   0.998   0.15
    96   10    91,018    95.2%   96.2%    0.6%    12.7   0.2347   0.7908   0.997   0.13
====================================================================================================

  Generating visualizations...
  Saved: mnist_figures/scaling_curves.png
  Saved: mnist_figures/scaling_laws.png
  Saved: mnist_figures/parameter_heatmaps.png

  Total runtime: 701s
  Done!
Job completed at Sun Apr  5 13:04:34 CEST 2026
